https://static.news.ru/photo/09834b68-a99c-11eb-9216-96000091f725_660.jpgФото: isafmedia/flickr.com
Аргументы Недели → В мире 13+3 марта 2021, 13:54
Получите премиум доступ к библиотеке интереснейших и популярных книг, а также архиву более чем 700 вышедших номеров БЕСПЛАТНО. В дополнение у вас появится возможность целый год пользоваться бесплатными юридическими консультациями наших экспертов.Введите свой электронный адрес, после чего выберите любой удобный способ оплаты годовой подпискиИлиОтсканируйте QR. В открывшемся приложении Сбербанк Онлайн введите стоимость подписки год (490 рублей). После чего вышлите код подтверждения на почту shop@argumenti.ruДЦ
03.03.2021 | 20:46 Ukrainian Presidential Press Service/Reuters
Ресурс Avia.pro: Турция может помочь Украине с моря в случае войны Киева с РоссиейАргументы Недели → В мире 13+3 марта 2021, 15:22 Источник: Аvia.proТурецкий корабль, Cihat Unal / globallookpress.com
Получите премиум доступ к библиотеке интереснейших и популярных книг, а также архиву более чем 700 вышедших номеров БЕСПЛАТНО. В дополнение у вас появится возможность целый год пользоваться бесплатными юридическими консультациями наших экспертов.Введите свой электронный адрес, после чего выберите любой удобный способ оплаты годовой подпискиИлиОтсканируйте QR. В открывшемся приложении Сбербанк Онлайн введите стоимость подписки год (490 рублей). После чего вышлите код подтверждения на почту shop@argumenti.ruДЦ
Проект Body Worlds. / Christian Charisius / www.globallookpress.com​
Александр Дугин: Большая Перезагрузка и Великое Пробуждение » Вселенная ФОТО: ТЕЛЕКАНАЛ ЦАРЬГРАДВ 
Андрей Незваный / АиФМосква, 4 марта – АиФ-Москва.
© РИА Новости / Сергей Аверин
© РИА Новости / Сергей Аверин
© Reuters / ALEXANDER ERMOCHENKO
Аргументы Недели → В мире 13+3 марта 2021, 08:57 Источник: «ПолитРоссия»Военные учения, MOD Russia / globallookpress.com
Получите премиум доступ к библиотеке интереснейших и популярных книг, а также архиву более чем 700 вышедших номеров БЕСПЛАТНО. В дополнение у вас появится возможность целый год пользоваться бесплатными юридическими консультациями наших экспертов.Введите свой электронный адрес, после чего выберите любой удобный способ оплаты годовой подпискиИлиОтсканируйте QR. В открывшемся приложении Сбербанк Онлайн введите стоимость подписки год (490 рублей). После чего вышлите код подтверждения на почту shop@argumenti.ruДЦ
04 марта 11:29Общество
Анна Светлова 03.03.2021 | 12:37 Depositphotos
Москва. 4 марта. INTERFAX.RU 
Москва. 3 марта. INTERFAX.RU 
Полпред России считает, что на линии соприкосновения наблюдаются не «случайные нарушения», а целенаправленные действия по приказу Киева.Грызлов обвинил Украину в эскалации конфликта в Донбассе | ПолитикаКиев п
РТ на русском СкачатьСкачайте Яндекс Браузер с расширением RT и будьте в курсе последних новостей!
Начало — ЗДЕСЬ
СМИ обязаны цитировать материалы Aravot.am с гиперссылкой на конкретный материал цитирования. Гипе
время публикации: 30 апреля 2021 г., 11:10 | последнее обновление: 30 апреля 2021 г., 11:10
Хочешь, чтобы в стране были независимые СМИ? Поддержи Znak.com
Сегодня, 03:39
Аргументы Недели → В мире 13+3 марта 2021
07:09Фото: pixabay.com
Получите премиум доступ к библиотеке интереснейших и популярных книг, а также архиву более чем 700 вышедших номеров БЕСПЛАТНО. В дополнение у вас появится возможность целый год пользоваться бесплатными юридическими консультациями наших экспертов.Введите свой электронный адрес, после чего выберите любой удобный способ оплаты годовой подпискиИлиОтсканируйте QR. В открывшемся приложении Сбербанк Онлайн введите стоимость подписки год (490 рублей). После чего вышлите код подтверждения на почту shop@argumenti.ruДЦ
Коммерсантъ № 36 (6998) от 03.03.2021
Фото: Юрий Инякин / ПГ
Автор: Елизавета АнтоноваРедактор: Валерий Игуменов
https://static.news.ru/photo/18747f90-2dcc-11ea-9d9a-fa163e074e61_660.jpgФото: Konstantin Kokoshkin/Global Look Press
© Public Domain
© Commons.wikimedia.org / Ninara
Аргументы Недели → В мире 13+3 марта 2021, 10:45 
Получите премиум доступ к библиотеке интереснейших и популярных книг, а также архиву более чем 700 вышедших номеров БЕСПЛАТНО. В дополнение у вас появится возможность целый год пользоваться бесплатными юридическими консультациями наших экспертов.Введите свой электронный адрес, после чего выберите любой удобный способ оплаты годовой подпискиИлиОтсканируйте QR. В открывшемся приложении Сбербанк Онлайн введите стоимость подписки год (490 рублей). После чего вышлите код подтверждения на почту shop@argumenti.ruДЦ
Сегодня, 11:48
Подписывайтесь на хоккейный телеграм-канал Sport24
| ПРОИСШЕСТВИЯ
 | Видео | Известия
НовостиОбщество
Фото: Сергей Булкин/NEWS.ru
 – Коммерсантъ FM – Коммерсантъ
Подписывайтесь на URA.RU в Google News и наш канал в Яндекс.Дзен. Оперативные новости вашего региона — в telegram-канале «Екатеринбург», подбор главных новостей дня — в нашей рассылке с доставкой в вашу почту.Расскажите о новости друзьям
Источник: Regnum
 – Газета Коммерсантъ № 37 (6999) от 04.03.2021
Аргументы Недели → В мире 13+3 марта 2021, 19:35 
Получите премиум доступ к библиотеке интереснейших и популярных книг, а также архиву более чем 700 вышедших номеров БЕСПЛАТНО. В дополнение у вас появится возможность целый год пользоваться бесплатными юридическими консультациями наших экспертов.Введите свой электронный адрес, после чего выберите любой удобный способ оплаты годовой подпискиИлиОтсканируйте QR. В открывшемся приложении Сбербанк Онлайн введите стоимость подписки год (490 рублей). После чего вышлите код подтверждения на почту shop@argumenti.ruДЦ
Финансы 3 марта 2021 08:20 (UTC+04:00)
Adam Tinworth / Flickr.com
Москва, 3 марта - АиФ-Москва.
Виталий ЦепляевИсточник - .
 – Общество – Коммерсантъ
Вашингтон, 4 марта 2021, 01:57 — REGNUM
Аргументы Недели → В мире 13+4 марта 2021, 13:42 
Источник: eadaily.com
Получите премиум доступ к библиотеке интереснейших и популярных книг, а также архиву более чем 700 вышедших номеров БЕСПЛАТНО. В дополнение у вас появится возможность целый год пользоваться бесплатными юридическими консультациями наших экспертов.Введите свой электронный адрес, после чего выберите любой удобный способ оплаты годовой подпискиИлиОтсканируйте QR. В открывшемся приложении Сбербанк Онлайн введите стоимость подписки год (490 рублей). После чего вышлите код подтверждения на почту shop@argumenti.ruДЦ
 Федеральное агентство новостей / archives.gov/Public Domain Archive/Matt H. Wade./CC BY-SA 3.0/wikipedia.org
Автор: Карен Маркарян специально для ФАН из РигиИсточник - riafan.ru .
О претензиях журналиста читайте в публикации “Ъ” «Илья Азар пожаловался в ЕСПЧ на дискриминацию».
 | Новости | Известия
Политика 4 марта 2021 14:38 (UTC+04:00)БАКУ /Trend/ - 
Фото: REUTERS/Naseer Ahmed
Подписывайтесь на URA.RU в Google News и наш канал в Яндекс.Дзен, следите за главными новостями России и Урала в telegram-канале URA.RU и получайте все самые важные известия с доставкой в вашу почту в нашей ежедневной рассылке.Расскажите о новости друзьям
 | Новости | Известия
Сегодня, 14:33
Анна Светлова 03.03.2021 | 09:57
СМИ обязаны цитировать материалы Aravot.am с гиперссылкой на конкретный материал цитирования. Гипе
Смотрите ещё больше видео на YouTube-канале ВЗГЛЯД
Михаил Мишустин посетил Республиканский классический лицей в Горно-Алтайске3 марта 2021 12:00 Горно-Алтайск, Республика АлтайПредседатель Правительства осмотрел учебные классы и ознакомился с презентацией проекта нового комплекса зданий лицеяПосещение Республиканского классического лицея в Горно-Алтайске3 марта 2021Посещение Республиканского классического лицея в Горно-Алтайске3 марта 2021Посещение Республиканского классического лицея в Горно-Алтайске
Метки:Восточный военный округ
Подробнее о ситуации в Донбассе — в материале “Ъ” «Весна прийде, весна воюе».
* Террористическая организация, деятельность которой в Российской Федерации запрещенаАлексей Иванов 
Источник - zavtra.ru .
Скачать приложение Sport24 для AndroidСкачать приложение Sport24 для iOS
 | Новости | Известия
Фото: Светлана МАКОВЕЕВАЦЕНА СВОБОДЫ
Читайте также: Полиция задержала мужчину с наркотиками на севере Москвы
Тегеран, 3 марта, ИРНА - Г
Алина Николаева
Ученые из Израиля выяснили, каким образом белки коронавирусной инфекции могут влиять на сосудистую систему человека. Исследование опубликовано на сервере препринтов BioRxiv.Ученые рассказали, как COVID-19 влияет на сосудыНикита Абрамов03 марта 15:45Здоровье
Главные факты по теме коронавируса в России и мире можно прочитать ЗДЕСЬ >>>
Читать полную новость в источнике: crimea-news.com
Марина Медведева / АиФМосква, 3 марта - АиФ-Москва.
Москва в переговорах с Баку последовательно поднимает вопрос возвращения армянских пленных на родину
Автор: Самсонов Александр
Источник - Военное Обозрение .
 | Персона | ОБЩЕСТВО
Аргументы Недели → В мире 13+3 марта 2021, 20:17Депутат Госдумы РФ Владимир Жириновский, Komsomolskaya Pravda / globallookpress.com
Получите премиум доступ к библиотеке интереснейших и популярных книг, а также архиву более чем 700 вышедших номеров БЕСПЛАТНО. В дополнение у вас появится возможность целый год пользоваться бесплатными юридическими консультациями наших экспертов.Введите свой электронный адрес, после чего выберите любой удобный способ оплаты годовой подпискиИлиОтсканируйте QR. В открывшемся приложении Сбербанк Онлайн введите стоимость подписки год (490 рублей). После чего вышлите код подтверждения на почту shop@argumenti.ruДЦ
Фото: Oleg Eliseev, Facebook
 - СТАТИСТИКАЭкономика 4 марта 2021 14:13 (UTC+04:00)БАКУ /Trend/ -
 | Новости
30.04.2021, 09:39Фото: Софья Сандурская / Агентство
Подписывайтесь на почтовую рассылку.Leave this field empty if you're human:Next post
Вышла в свет книга Намика Алиева Day.Az: Встретимся в Карабахе
Фарисейство армянского «Талейрана» - анализ от Пярвина Мирзазаде
Фото: www.globallookpress.com/ Nils Jorgensen
Разрешение самопровозглашенной Донецкой народной республики открывать огонь на подавление огневых точек армии Украины говорит о том, что ДНР начал оборону перед наступлением Киева на Донбасс. Об этом URA.RU сообщил экс-министр обороны Донецкой народной республики Игорь Стрелков.Стрелков: зачем Донбасс открывает огонь по военным УкраиныТимофей Данилов03 марта 2021 в 13:30Ополченцам ДНР с 3 марта разрешили открывать огонь по украинской стороне Фото: Владимир Жабриков © URA.RU
.Подписывайтесь на URA.RU в Google News и наш канал в Яндекс.Дзен. Оперативные новости вашего региона — в telegram-канале «Екатеринбург», подбор главных новостей дня — в нашей рассылке с доставкой в вашу почту.Расскажите о новости друзьям
Смотрите ещё больше видео на YouTube-канале ВЗГЛЯД
Константин ДжултаевИсточник - octagon.media .
Фото: Юлия ПЫХАЛОВА
Хочешь, чтобы в стране были независимые СМИ? Поддержи Znak.com
ТАССМосква. 4 марта. INTERFAX.RU 
 | ОБЩЕСТВО
 | Новости | Известия
Читать далее...
Сегодня, 03:27
Николай Корсаков 04.03.2021 | 10:29
Ещё по теме:Смотрите нас в YouTube, а также следите за игровыми новостями в нашем паблике «ВКонтакте», в Telegram-канале и на канале в «Яндекс.Дзен».
Источник - bohemicus@livejournal.com .
 - Владимир ПавленкоВладимир Павленко, 4 марта 2021, 09:34 — REGNUM 
Катерина Медведева 03.03.2021 | 13:20 Максим Блинов/РИА «Новости»
Аргументы Недели → Политика 13+3 марта 2021, 17:27
Получите премиум доступ к библиотеке интереснейших и популярных книг, а также архиву более чем 700 вышедших номеров БЕСПЛАТНО. В дополнение у вас появится возможность целый год пользоваться бесплатными юридическими консультациями наших экспертов.Введите свой электронный адрес, после чего выберите любой удобный способ оплаты годовой подпискиИлиОтсканируйте QR. В открывшемся приложении Сбербанк Онлайн введите стоимость подписки год (490 рублей). После чего вышлите код подтверждения на почту shop@argumenti.ruДЦ
Грызлов заявил о провоцировании Украиной конфликта в ДонбассеВедомости
Ранее по теме: ДНР разрешила открывать упреждающий огонь по позициям Украины в Донбассе
Сегодня, 03:42
Москва. 3 марта. INTERFAX.RU - 
Москва, 3 марта - АиФ-Москва.
03 Мая 10:05
Эксперты о том, почему у многих ностальгия по СССР«АиФ-Юг» № 9 03/03/2021
Сегодня, 15:11
Весна откладывается: россиян предупредили о вторжении морозов из Арктики
Петр Николаев 03.03.2021, 14:28 Геннадий Дубовой/РИА «Новости»
СМИ обязаны цитировать материалы Aravot.am с гиперссылкой на конкретный материал цитирования. Гипе
Фото: РИА Новости
 | ПРОИСШЕСТВИЯ: Криминал | ПРОИСШЕСТВИЯ
СМИ обязаны цитировать материалы Aravot.am с гиперссылкой на конкретный материал цитирования. Гипе
Москва. 4 марта. INTERFAX.RU - 
 // Смотрим
– Лейла Абдуллаева (ИНТЕРВЬЮ)Политика 3 марта 2021 21:06 (UTC+04:00)БАКУ /Trend/ - 
| Новости | Известия
Алексей Иванов Источник - zavtra.ru .
Фото: Instagram.
Аргументы Недели → В мире 13+3 марта 2021, 13:27
Получите премиум доступ к библиотеке интереснейших и популярных книг, а также архиву более чем 700 вышедших номеров БЕСПЛАТНО. В дополнение у вас появится возможность целый год пользоваться бесплатными юридическими консультациями наших экспертов.Введите свой электронный адрес, после чего выберите любой удобный способ оплаты годовой подпискиИлиОтсканируйте QR. В открывшемся приложении Сбербанк Онлайн введите стоимость подписки год (490 рублей). После чего вышлите код подтверждения на почту shop@argumenti.ruДЦ
Армянам в Карабахе пора принимать азербайджанское гражданство – МНЕНИЕ
Брюссель, 4 марта 2021, 12:09 — REGNUM
Автор:Комментарии для сайта CackleНовости партнеров
.Игорь Яковенко: Санкции как ритуалвремя публикации: 03 марта 2021 г., 17:29 | последнее обновление: 03 марта 2021 г., 17:29Игорь Яковенко
Фото: Lenta.ruLenta.ru
Общество 4 марта 2021 14:40 (UTC+04:00)БАКУ /Trend/ - 
Россия в ближайшее время представит в Арцахе гуманитарную инициативу
ДНР разрешила открывать упреждающий огонь по позициям Украины в ДонбассеВедомости
Ранее по теме: Донбасс ближе к Украине, чем принято считать
Читайте также, Instagram @anikiti4na
Фото: Sefa Karacan/Anadolu Agency via Getty
04 марта 13:14История
О критике документа со стороны России — в материале “Ъ” «Украине перекрывают выход из Минска».
Access denied | mamul.am used Cloudflare to restrict accessThis website is using a security service to protect itself from online attacks.
Подписывайтесь на URA.RU в Google News и наш канал в Яндекс.Дзен, следите за главными новостями России и Урала в telegram-канале URA.RU и получайте все самые важные известия с доставкой в вашу почту в нашей ежедневной рассылке.Расскажите о новости друзьям
Сегодня, 07:56
Читать далееКаждый пятый — РТ на русском
Посетители, находящиеся в группе , не могут оставлять комментарии к данной публикации.
Хочешь, чтобы в стране были независимые СМИ? Поддержи Znak.com
Что произошло с ними дальше?Фото: Русская семеркаРусская семерка
Русская семерка: последние новостиСражение на Раатской дороге: самое страшное поражение Красной Армии в Зимней войне
 | В мире | ПолитикаПолиция 
Москва. 3 марта. INTERFAX.RU -
Юлия Курганова03 марта 02:03Общество
СМИ обязаны цитировать материалы Aravot.am с гиперссылкой на конкретный материал цитирования. Гиперссылка должна быть размещена в первом абзаце текста.
Рамблер/финансы
Автор: Сергей МаржецкийИсточник - .
СМИ обязаны цитировать материалы Aravot.am с гиперссылкой на конкретный материал цитирования. Гипе
Фото: t.me/tsikhanouskaya
 | События | ОБЩЕСТВО
Фото на превью: Wikimedia Commons
Скачать приложение Sport24 для iOS
Читайте также
Метки:
время публикации: 04 марта 2021 г., 11:47 | последнее обновление: 04 марта 2021 г., 11:51
https://t.co/2PK8mqTJnu pic.twitter.com/YXIzqNDgmH— Радио Свобода (@SvobodaRadio) March 3, 
2021*Радио Свобода - средство массовой информации, внесенное Минюстом РФ в реестр СМИ, выполняющих функции иностранного агента
В СМИ обязаны цитировать материалы Aravot.am с гиперссылкой на конкретный материал цитирования. Гипе
В Пентагоне оценили эффект от авиаударов США по СирииВашингтон, 3 марта 2021, 08:44 — REGNUM 
Аргументы Недели → Общество 13+3 марта 2021, 08:01 Источник: Парламентская газетаДмитрий Морозов. Фото: сайт ГД
Получите премиум доступ к библиотеке интереснейших и популярных книг, а также архиву более чем 700 вышедших номеров БЕСПЛАТНО. В дополнение у вас появится возможность целый год пользоваться бесплатными юридическими консультациями наших экспертов.Введите свой электронный адрес, после чего выберите любой удобный способ оплаты годовой подпискиИлиОтсканируйте QR. В открывшемся приложении Сбербанк Онлайн введите стоимость подписки год (490 рублей). После чего вышлите код подтверждения на почту shop@argumenti.ruДЦ
Подписывайтесь на почтовую рассылку.Leave this field empty if you're human:Next post
Сегодня, 03:41
Подробнее о визите главы Евросовета читайте в публикации “Ъ” «Евросоюз встает на востоке».
 | Aravot Ru
СМИ обязаны цитировать материалы Aravot.am с гиперссылкой на конкретный материал цитирования. Гипе
Метки:Тихоокеанский флот
 | КУЛЬТУРА
Мы рекомендуем Вам или пароль от аккаунта, если Вы его забыли.Посетители, находящиеся в группе , не могут оставлять комментарии к данной публикации.
От крепостной до блогерки. Как менялся образ женщины в жизни и литературе Подробнее
 | Новости | Известия
Москва. 3 марта. INTERFAX.RU - 
Читать далееВ Сирии пять человек получили ранения во время митинга — РТ на русском СкачатьСкачайте Яндекс Браузер с расширением RT и будьте в курсе последних новостей!
Алина НиколаеваФото: транспортная полиция
( Behçet Alkan - Агентство Анадолу )
 – Газета Коммерсантъ № 36 (6998) от 03.03.2021
 | ПРОИСШЕСТВИЯ
Омбудсмен Армении: Демонстрация огнестрельного оружия из окон здания НС
Представитель Киева в одностороннем порядке покинула переговоры гумподгруппы – ДНР / Новости / Независимая газета
Фото: Komsomolskaya Pravda/Global Look Press
 | Новости | Известия
 | Новости | Известия
Москва, 3 марта 2021, 13:25 — REGNUM 
Рафаэль Фахрутдинов 03.03.2021, 22:02Kevin Lamarque/Reuters
СМИ обязаны цитировать материалы Aravot.am с гиперссылкой на конкретный материал цитирования. Гипе
 // Смотрим
Еще больше интересных новостей – в нашем Telegram-канале @smotrim_ru
03 марта 2021 г., 16:44 | последнее обновление: 03 марта 2021 г., 16:46
&lt;img src=https://naked-science.ru/wp-content/uploads/2021/05/person-cute-portrait-young-small-child-face-infant-toddler-innocence-little-skin-adorable-newborn-baby-portrait-photography-684477.jpg alt=
Галина Кмит / РИА Новости
© AP Photo / Alexander ZemlianichenkoМОСКВА, 30 апр - РИА Новости.
Ника Пикекатлет 03.03.2021 | 19:17 Depositphotos
О ситуации в стране читайте в публикации “Ъ” «Не рой другому Мьянму».
 04.03.2021 | 09:13 Jonathan Ernst/Reuters
Петр Николаев 04.03.2021, 12:36 Антон Денисов/РИА «Новости»
В Крыму раскритиковали украинский призыв захватить полуостровКарина Казанцева 03.03.2021 | 17:29
Ника Пикекатлет 03.03.2021 | 20:23 Depositphotos
Москва. 3 марта. INTERFAX.RU 
Фото: Bashar.Al.Assad/facebook.com
В Бакинском суде по тяжким преступлениям начался судебный процесс над Амилем Ахмедовым, обвиняемым в участии в боевых действиях в составе незаконных вооруженных формирований в Сирии. Ахмедов был задер...
https://www.znak.com/2021-03-03/uralskiy_ombudsmen_priehala_v_sizo_k_83_letnemu_treneru_obvinyaemomu_v_pedofilii2021.03.03
Хочешь, чтобы в стране были независимые СМИ? Поддержи Znak.com
МОСКВА, 30 апр – РИА Новости.
что стало с фельдмаршалом Гитлера, который програл битву за Москву
Русская СемёркаЧитайте такжеПоделиться:Комментарии
INTERFAX.RU 
Фото: Михаил Фомичев/ТАСС
Москва. 4 марта. INTERFAX.RU -
 / Владимир Федоренко / РИА Новости
Миф о 13 января. За что Литва осудила министра обороны СССР Язова? Подробнее
| В мире | Политика
 | Происшествия
3 марта. INTERFAX.RU 
Донецк, 3 марта 2021, 13:29 — REGNUM 
03 марта 18:00Политика
Аргументы Недели → Армия 13+3 марта 2021, 13:43
Получите премиум доступ к библиотеке интереснейших и популярных книг, а также архиву более чем 700 вышедших номеров БЕСПЛАТНО. В дополнение у вас появится возможность целый год пользоваться бесплатными юридическими консультациями наших экспертов.Введите свой электронный адрес, после чего выберите любой удобный способ оплаты годовой подпискиИлиОтсканируйте QR. В открывшемся приложении Сбербанк Онлайн введите стоимость подписки год (490 рублей). После чего вышлите код подтверждения на почту shop@argumenti.ruДЦ
30.04.2021«Развалили, разворовали. Это когда-нибудь закончится?» 90-летняя ветеран обругала спикера Госдумы
© AP PhotoВАШИНГТОН, 5 мая - РИА Новости.
Сегодня, 04:06
03.03.2021 | 15:47 
Автор: Евгений ФедоровИсточник - Военное Обозрение .
АджариябезопасностьГрузияНАТОСССРСШАТурция
Цель включения данного материала в дайджест - сбор максимального количества публикаций в СМИ и сообщений компаний по авиационной тематике. Агентство «АвиаПорт» не гарантирует достоверность, точность, полноту и качество данного материала.
Аргументы Недели → В мире 13+3 марта 2021, 21:53
Получите премиум доступ к библиотеке интереснейших и популярных книг, а также архиву более чем 700 вышедших номеров БЕСПЛАТНО. В дополнение у вас появится возможность целый год пользоваться бесплатными юридическими консультациями наших экспертов.Введите свой электронный адрес, после чего выберите любой удобный способ оплаты годовой подпискиИлиОтсканируйте QR. В открывшемся приложении Сбербанк Онлайн введите стоимость подписки год (490 рублей). После чего вышлите код подтверждения на почту shop@argumenti.ruДЦ
Подробнее о росте напряженности в регионе — в материале “Ъ” «Весна прийде, весна воюе».
Об одном из заседаний группы читайте в публикации “Ъ” «Украине перекрывают выход из Минска».
Фото: Скриншот из видео Вконтакте\«Инцидент Омск»
Фото: РИА НовостиРИА Новости
 | Новости | Известия
Об осуждении атаки в США — в материале “Ъ” «Джо Байден отбомбился по демократам».
Поддержите нас - единственный источник разума, в это непростое время. Оформите годовую подписку или просто купите свежий номер НА
Быстрая доставка новостей — в «Ленте дня» в Telegram подписаться *** Обратная связь с отделом «Мир»: Если вы стали свидетелем важного события, у вас есть новость или идея для материала о международной политике или интересном событии в мире, напишите на этот адрес: mir@lenta-co.ru
Больше интересного и удивительного — в нашем Instagram. Подписывайся!
Во время загрузки произошла ошибка.
Ошибка в тексте? Выделите её и нажмите «Ctrl + Enter»Добавьте RT в список ваших источников